double xx_obs[] = {100 , 100 , 100 , 125 , 150 , 175 , 200 , 225 , 250 , 275 , 300 , 325 , 350 , 375 , 375 , 375 , 400 , 400 , 400 , 375 , 350 , 325 , 300 , 275 , 250 , 225 , 200 , 175 , 150 , 125 , 100 , 100 , 100 , 125};
double yy_obs[] = {0 , 25 , 50 , 75 , 100 , 125 , 150 , 150 , 175 , 175 , 150 , 150 , 150 , 125 , 100 , 75 , 50 , 25 , 0 , 0 , 0 , 0 , 0 , 0 , 0 , 0 , 0 , 0 , 0 , 0 , 0 , 25 , 50 , 75};
TGraph* expected = new TGraph(34, xx_obs, yy_obs);

double xx_up[] = {100 , 100 , 100 , 122.5 , 147.5 , 172.5 , 197.5 , 222.5 , 247.5 , 272.5 , 297.5 , 322.5 , 322.5 , 347.5 , 347.5 , 347.5 , 372.5 , 347.5 , 322.5 , 297.5 , 272.5 , 247.5 , 222.5 , 197.5 , 172.5 , 147.5 , 122.5 , 100 , 100 , 100 , 122.5};
double yy_up[] = {0 , 20 , 45 , 70 , 95 , 120 , 145 , 145 , 170 , 145 , 120 , 120 , 95 , 70 , 45 , 20 , 0 , 0 , 0 , 0 , 0 , 0 , 0 , 0 , 0 , 0 , 0 , 0 , 20 , 45 , 70};
TGraph* expected_up = new TGraph(31, xx_up, yy_up);

double xx_down[] = {100 , 100 , 100 , 127.5 , 152.5 , 177.5 , 202.5 , 227.5 , 252.5 , 277.5 , 302.5 , 327.5 , 352.5 , 377.5 , 402.5 , 427.5 , 427.5 , 427.5 , 427.5 , 427.5 , 427.5 , 402.5 , 377.5 , 352.5 , 327.5 , 302.5 , 277.5 , 252.5 , 227.5 , 202.5 , 177.5 , 152.5 , 127.5 , 100 , 100 , 100 , 127.5};
double yy_down[] = {0 , 30 , 55 , 80 , 105 , 130 , 155 , 180 , 205 , 205 , 180 , 180 , 180 , 180 , 155 , 130 , 105 , 80 , 55 , 30 , 0 , 0 , 0 , 0 , 0 , 0 , 0 , 0 , 0 , 0 , 0 , 0 , 0 , 0 , 30 , 55 , 80};
TGraph* expected_down = new TGraph(37, xx_down, yy_down);
