TGraph * expected(){
double xx_obs[] = {100 , 100 , 100 , 125 , 150 , 175 , 200 , 225 , 250 , 275 , 300 , 325 , 350 , 375 , 400 , 425 , 450 , 475 , 475 , 475 , 475 , 475 , 500 , 500 , 500 , 500 , 475 , 450 , 425 , 400 , 375 , 350 , 325 , 300 , 275 , 250 , 225 , 200 , 175 , 150 , 125 , 100 , 100 , 100 , 125};
double yy_obs[] = {0 , 25 , 50 , 75 , 100 , 125 , 150 , 175 , 200 , 200 , 225 , 250 , 250 , 225 , 225 , 250 , 225 , 200 , 175 , 150 , 125 , 100 , 75 , 50 , 25 , 0 , 0 , 0 , 0 , 0 , 0 , 0 , 0 , 0 , 0 , 0 , 0 , 0 , 0 , 0 , 0 , 0 , 25 , 50 , 75};
TGraph* expected = new TGraph(45, xx_obs, yy_obs);
return expected;
}
TGraph * expectedup(){
double xx_up[] = {100 , 100 , 100 , 128.123 , 153.536 , 178.536 , 203.536 , 228.536 , 252.236 , 277.236 , 302.236 , 322.764 , 347.764 , 375 , 400 , 421.464 , 420 , 420.528 , 445.528 , 445 , 445 , 445 , 445 , 445.84 , 425 , 400 , 375 , 350 , 325 , 300 , 275 , 250 , 225 , 200 , 175 , 150 , 125 , 100 , 100 , 100};
double yy_up[] = {0 , 25 , 47 , 71.0957 , 96.4645 , 121.464 , 146.464 , 171.464 , 195.528 , 195.528 , 220.528 , 220.528 , 195.528 , 195 , 195 , 196.464 , 175 , 147.764 , 122.764 , 100 , 75 , 50 , 25 , 0 , 0 , 0 , 0 , 0 , 0 , 0 , 0 , 0 , 0 , 0 , 0 , 0 , 0 , 0 , 25 , 47};
TGraph* expected_up = new TGraph(40, xx_up, yy_up);
return expected_up;
}
TGraph * expecteddown(){
double xx_down[] = {100 , 100 , 100 , 121.877 , 146.464 , 171.464 , 196.464 , 221.464 , 246.464 , 272.764 , 297.764 , 321.464 , 347.764 , 377.236 , 400 , 422.764 , 452.236 , 478.536 , 504.472 , 505 , 505 , 504.472 , 529.472 , 530 , 530 , 530 , 530 , 529.16 , 500 , 475 , 450 , 425 , 400 , 375 , 350 , 325 , 300 , 275 , 250 , 225 , 200 , 175 , 150 , 125 , 100 , 100 , 100};
double yy_down[] = {0 , 25 , 53 , 78.9043 , 103.536 , 128.536 , 153.536 , 178.536 , 203.536 , 229.472 , 229.472 , 253.536 , 279.472 , 279.472 , 255 , 279.472 , 279.472 , 253.536 , 227.236 , 200 , 175 , 152.236 , 127.236 , 100 , 75 , 50 , 25 , 0 , 0 , 0 , 0 , 0 , 0 , 0 , 0 , 0 , 0 , 0 , 0 , 0 , 0 , 0 , 0 , 0 , 0 , 25 , 53};
TGraph* expected_down = new TGraph(47, xx_down, yy_down);
return expected_down;
}